src/pages/creators/blog/index.tsx(12,18): error TS2322: Type '{ withGradient: boolean; className: string; }' is not assignable to type 'IntrinsicAttributes'.
  Property 'withGradient' does not exist on type 'IntrinsicAttributes'.
src/pages/vendor/profile/edit-profile-modal.tsx(12,24): error TS6133: 'Plus' is declared but its value is never read.
src/pages/vendor/profile/view-profile-modal.tsx(13,7): error TS6133: 'XIcon' is declared but its value is never read.
]