src/pages/fans/account/tabs/profile-tab.tsx(1,27): error TS2307: Cannot find module '@/components/constants' or its corresponding type declarations.
src/pages/fans/account/tabs/profile-tab.tsx(2,37): error TS2307: Cannot find module '@/components/reusable' or its corresponding type declarations.
src/pages/fans/account/tabs/profile-tab.tsx(3,28): error TS2307: Cannot find module '@/components/reusable' or its corresponding type declarations.
src/pages/fans/account/tabs/profile-tab.tsx(4,24): error TS2307: Cannot find module '@/components/ui/button' or its corresponding type declarations.
src/pages/fans/account/tabs/profile-tab.tsx(5,23): error TS2307: Cannot find module '@/components/ui/input' or its corresponding type declarations.
src/pages/fans/account/tabs/profile-tab.tsx(6,54): error TS2307: Cannot find module '@/hooks/use-profile-mutations' or its corresponding type declarations.
src/pages/fans/account/tabs/profile-tab.tsx(7,35): error TS2307: Cannot find module '@/lib/fake-data-generator' or its corresponding type declarations.
src/pages/fans/account/tabs/profile-tab.tsx(11,8): error TS2307: Cannot find module '@/lib/profile-transforms' or its corresponding type declarations.
src/pages/fans/account/tabs/profile-tab.tsx(12,37): error TS2307: Cannot find module '@/pages/creators/add-event/constant' or its corresponding type declarations.
src/pages/fans/account/tabs/profile-tab.tsx(13,53): error TS2307: Cannot find module '@/schema/profile-shema' or its corresponding type declarations.
src/pages/fans/account/tabs/profile-tab.tsx(18,20): error TS2307: Cannot find module '@/lib/utils' or its corresponding type declarations.
